// Jest Snapshot v1, https://goo.gl/fbAQLP

exports[`HomePage loading should render component without crashing 1`] = `
<Provider
  store={
    Object {
      "clearActions": [Function],
      "dispatch": [Function],
      "getActions": [Function],
      "getState": [Function],
      "replaceReducer": [Function],
      "subscribe": [Function],
    }
  }
>
  <Home>
    <main
      className="home"
    >
      <LoadTable
        data={null}
      >
        <div
          className="d-flex align-items-center justify-content-center"
        >
          <SpinnerCs>
            <div
              className="spinner-border text-primary"
              role="status"
            >
              <span
                className="visually-hidden"
              >
                Loading...
              </span>
            </div>
          </SpinnerCs>
        </div>
      </LoadTable>
    </main>
  </Home>
</Provider>
`;
